  Determining projects to restore...
C:\Program Files\dotnet\sdk\9.0.312\Sdks\Microsoft.NET.Sdk\targets\Microsoft.NET.EolTargetFrameworks.targets(32,5): warning NETSDK1138: The target framework 'net6.0' is out of support and will not receive security updates in the future. Please refer to https://aka.ms/dotnet-core-support for more information about the support policy. [D:\Nam4_HK2\TTTN_thayTung\WebKhachSan\WebKhachSan\WebKhachSan.csproj]
  All projects are up-to-date for restore.
C:\Program Files\dotnet\sdk\9.0.312\Sdks\Microsoft.NET.Sdk\targets\Microsoft.NET.EolTargetFrameworks.targets(32,5): warning NETSDK1138: The target framework 'net6.0' is out of support and will not receive security updates in the future. Please refer to https://aka.ms/dotnet-core-support for more information about the support policy. [D:\Nam4_HK2\TTTN_thayTung\WebKhachSan\WebKhachSan\WebKhachSan.csproj]
C:\Program Files\dotnet\sdk\9.0.312\Microsoft.Common.CurrentVersion.targets(5394,5): warning MSB3026: Could not copy "D:\Nam4_HK2\TTTN_thayTung\WebKhachSan\WebKhachSan\obj\Debug\net6.0\apphost.exe" to "bin\Debug\net6.0\WebKhachSan.exe". Beginning retry 1 in 1000ms. The process cannot access the file 'D:\Nam4_HK2\TTTN_thayTung\WebKhachSan\WebKhachSan\bin\Debug\net6.0\WebKhachSan.exe' because it is being used by another process. The file is locked by: "WebKhachSan (9336)" [D:\Nam4_HK2\TTTN_thayTung\WebKhachSan\WebKhachSan\WebKhachSan.csproj]
C:\Program Files\dotnet\sdk\9.0.312\Microsoft.Common.CurrentVersion.targets(5394,5): warning MSB3026: Could not copy "D:\Nam4_HK2\TTTN_thayTung\WebKhachSan\WebKhachSan\obj\Debug\net6.0\apphost.exe" to "bin\Debug\net6.0\WebKhachSan.exe". Beginning retry 2 in 1000ms. The process cannot access the file 'D:\Nam4_HK2\TTTN_thayTung\WebKhachSan\WebKhachSan\bin\Debug\net6.0\WebKhachSan.exe' because it is being used by another process. The file is locked by: "WebKhachSan (9336)" [D:\Nam4_HK2\TTTN_thayTung\WebKhachSan\WebKhachSan\WebKhachSan.csproj]
C:\Program Files\dotnet\sdk\9.0.312\Microsoft.Common.CurrentVersion.targets(5394,5): warning MSB3026: Could not copy "D:\Nam4_HK2\TTTN_thayTung\WebKhachSan\WebKhachSan\obj\Debug\net6.0\apphost.exe" to "bin\Debug\net6.0\WebKhachSan.exe". Beginning retry 3 in 1000ms. The process cannot access the file 'D:\Nam4_HK2\TTTN_thayTung\WebKhachSan\WebKhachSan\bin\Debug\net6.0\WebKhachSan.exe' because it is being used by another process. The file is locked by: "WebKhachSan (9336)" [D:\Nam4_HK2\TTTN_thayTung\WebKhachSan\WebKhachSan\WebKhachSan.csproj]
C:\Program Files\dotnet\sdk\9.0.312\Microsoft.Common.CurrentVersion.targets(5394,5): warning MSB3026: Could not copy "D:\Nam4_HK2\TTTN_thayTung\WebKhachSan\WebKhachSan\obj\Debug\net6.0\apphost.exe" to "bin\Debug\net6.0\WebKhachSan.exe". Beginning retry 4 in 1000ms. The process cannot access the file 'D:\Nam4_HK2\TTTN_thayTung\WebKhachSan\WebKhachSan\bin\Debug\net6.0\WebKhachSan.exe' because it is being used by another process. The file is locked by: "WebKhachSan (9336)" [D:\Nam4_HK2\TTTN_thayTung\WebKhachSan\WebKhachSan\WebKhachSan.csproj]
C:\Program Files\dotnet\sdk\9.0.312\Microsoft.Common.CurrentVersion.targets(5394,5): warning MSB3026: Could not copy "D:\Nam4_HK2\TTTN_thayTung\WebKhachSan\WebKhachSan\obj\Debug\net6.0\apphost.exe" to "bin\Debug\net6.0\WebKhachSan.exe". Beginning retry 5 in 1000ms. The process cannot access the file 'D:\Nam4_HK2\TTTN_thayTung\WebKhachSan\WebKhachSan\bin\Debug\net6.0\WebKhachSan.exe' because it is being used by another process. The file is locked by: "WebKhachSan (9336)" [D:\Nam4_HK2\TTTN_thayTung\WebKhachSan\WebKhachSan\WebKhachSan.csproj]
C:\Program Files\dotnet\sdk\9.0.312\Microsoft.Common.CurrentVersion.targets(5394,5): warning MSB3026: Could not copy "D:\Nam4_HK2\TTTN_thayTung\WebKhachSan\WebKhachSan\obj\Debug\net6.0\apphost.exe" to "bin\Debug\net6.0\WebKhachSan.exe". Beginning retry 6 in 1000ms. The process cannot access the file 'D:\Nam4_HK2\TTTN_thayTung\WebKhachSan\WebKhachSan\bin\Debug\net6.0\WebKhachSan.exe' because it is being used by another process. The file is locked by: "WebKhachSan (9336)" [D:\Nam4_HK2\TTTN_thayTung\WebKhachSan\WebKhachSan\WebKhachSan.csproj]
C:\Program Files\dotnet\sdk\9.0.312\Microsoft.Common.CurrentVersion.targets(5394,5): warning MSB3026: Could not copy "D:\Nam4_HK2\TTTN_thayTung\WebKhachSan\WebKhachSan\obj\Debug\net6.0\apphost.exe" to "bin\Debug\net6.0\WebKhachSan.exe". Beginning retry 7 in 1000ms. The process cannot access the file 'D:\Nam4_HK2\TTTN_thayTung\WebKhachSan\WebKhachSan\bin\Debug\net6.0\WebKhachSan.exe' because it is being used by another process. The file is locked by: "WebKhachSan (9336)" [D:\Nam4_HK2\TTTN_thayTung\WebKhachSan\WebKhachSan\WebKhachSan.csproj]
C:\Program Files\dotnet\sdk\9.0.312\Microsoft.Common.CurrentVersion.targets(5394,5): warning MSB3026: Could not copy "D:\Nam4_HK2\TTTN_thayTung\WebKhachSan\WebKhachSan\obj\Debug\net6.0\apphost.exe" to "bin\Debug\net6.0\WebKhachSan.exe". Beginning retry 8 in 1000ms. The process cannot access the file 'D:\Nam4_HK2\TTTN_thayTung\WebKhachSan\WebKhachSan\bin\Debug\net6.0\WebKhachSan.exe' because it is being used by another process. The file is locked by: "WebKhachSan (9336)" [D:\Nam4_HK2\TTTN_thayTung\WebKhachSan\WebKhachSan\WebKhachSan.csproj]
C:\Program Files\dotnet\sdk\9.0.312\Microsoft.Common.CurrentVersion.targets(5394,5): warning MSB3026: Could not copy "D:\Nam4_HK2\TTTN_thayTung\WebKhachSan\WebKhachSan\obj\Debug\net6.0\apphost.exe" to "bin\Debug\net6.0\WebKhachSan.exe". Beginning retry 9 in 1000ms. The process cannot access the file 'D:\Nam4_HK2\TTTN_thayTung\WebKhachSan\WebKhachSan\bin\Debug\net6.0\WebKhachSan.exe' because it is being used by another process. The file is locked by: "WebKhachSan (9336)" [D:\Nam4_HK2\TTTN_thayTung\WebKhachSan\WebKhachSan\WebKhachSan.csproj]
C:\Program Files\dotnet\sdk\9.0.312\Microsoft.Common.CurrentVersion.targets(5394,5): warning MSB3026: Could not copy "D:\Nam4_HK2\TTTN_thayTung\WebKhachSan\WebKhachSan\obj\Debug\net6.0\apphost.exe" to "bin\Debug\net6.0\WebKhachSan.exe". Beginning retry 10 in 1000ms. The process cannot access the file 'D:\Nam4_HK2\TTTN_thayTung\WebKhachSan\WebKhachSan\bin\Debug\net6.0\WebKhachSan.exe' because it is being used by another process. The file is locked by: "WebKhachSan (9336)" [D:\Nam4_HK2\TTTN_thayTung\WebKhachSan\WebKhachSan\WebKhachSan.csproj]
C:\Program Files\dotnet\sdk\9.0.312\Microsoft.Common.CurrentVersion.targets(5394,5): error MSB3027: Could not copy "D:\Nam4_HK2\TTTN_thayTung\WebKhachSan\WebKhachSan\obj\Debug\net6.0\apphost.exe" to "bin\Debug\net6.0\WebKhachSan.exe". Exceeded retry count of 10. Failed. The file is locked by: "WebKhachSan (9336)" [D:\Nam4_HK2\TTTN_thayTung\WebKhachSan\WebKhachSan\WebKhachSan.csproj]
C:\Program Files\dotnet\sdk\9.0.312\Microsoft.Common.CurrentVersion.targets(5394,5): error MSB3021: Unable to copy file "D:\Nam4_HK2\TTTN_thayTung\WebKhachSan\WebKhachSan\obj\Debug\net6.0\apphost.exe" to "bin\Debug\net6.0\WebKhachSan.exe". The process cannot access the file 'D:\Nam4_HK2\TTTN_thayTung\WebKhachSan\WebKhachSan\bin\Debug\net6.0\WebKhachSan.exe' because it is being used by another process. [D:\Nam4_HK2\TTTN_thayTung\WebKhachSan\WebKhachSan\WebKhachSan.csproj]

Build FAILED.

C:\Program Files\dotnet\sdk\9.0.312\Sdks\Microsoft.NET.Sdk\targets\Microsoft.NET.EolTargetFrameworks.targets(32,5): warning NETSDK1138: The target framework 'net6.0' is out of support and will not receive security updates in the future. Please refer to https://aka.ms/dotnet-core-support for more information about the support policy. [D:\Nam4_HK2\TTTN_thayTung\WebKhachSan\WebKhachSan\WebKhachSan.csproj]
C:\Program Files\dotnet\sdk\9.0.312\Sdks\Microsoft.NET.Sdk\targets\Microsoft.NET.EolTargetFrameworks.targets(32,5): warning NETSDK1138: The target framework 'net6.0' is out of support and will not receive security updates in the future. Please refer to https://aka.ms/dotnet-core-support for more information about the support policy. [D:\Nam4_HK2\TTTN_thayTung\WebKhachSan\WebKhachSan\WebKhachSan.csproj]
C:\Program Files\dotnet\sdk\9.0.312\Microsoft.Common.CurrentVersion.targets(5394,5): warning MSB3026: Could not copy "D:\Nam4_HK2\TTTN_thayTung\WebKhachSan\WebKhachSan\obj\Debug\net6.0\apphost.exe" to "bin\Debug\net6.0\WebKhachSan.exe". Beginning retry 1 in 1000ms. The process cannot access the file 'D:\Nam4_HK2\TTTN_thayTung\WebKhachSan\WebKhachSan\bin\Debug\net6.0\WebKhachSan.exe' because it is being used by another process. The file is locked by: "WebKhachSan (9336)" [D:\Nam4_HK2\TTTN_thayTung\WebKhachSan\WebKhachSan\WebKhachSan.csproj]
C:\Program Files\dotnet\sdk\9.0.312\Microsoft.Common.CurrentVersion.targets(5394,5): warning MSB3026: Could not copy "D:\Nam4_HK2\TTTN_thayTung\WebKhachSan\WebKhachSan\obj\Debug\net6.0\apphost.exe" to "bin\Debug\net6.0\WebKhachSan.exe". Beginning retry 2 in 1000ms. The process cannot access the file 'D:\Nam4_HK2\TTTN_thayTung\WebKhachSan\WebKhachSan\bin\Debug\net6.0\WebKhachSan.exe' because it is being used by another process. The file is locked by: "WebKhachSan (9336)" [D:\Nam4_HK2\TTTN_thayTung\WebKhachSan\WebKhachSan\WebKhachSan.csproj]
C:\Program Files\dotnet\sdk\9.0.312\Microsoft.Common.CurrentVersion.targets(5394,5): warning MSB3026: Could not copy "D:\Nam4_HK2\TTTN_thayTung\WebKhachSan\WebKhachSan\obj\Debug\net6.0\apphost.exe" to "bin\Debug\net6.0\WebKhachSan.exe". Beginning retry 3 in 1000ms. The process cannot access the file 'D:\Nam4_HK2\TTTN_thayTung\WebKhachSan\WebKhachSan\bin\Debug\net6.0\WebKhachSan.exe' because it is being used by another process. The file is locked by: "WebKhachSan (9336)" [D:\Nam4_HK2\TTTN_thayTung\WebKhachSan\WebKhachSan\WebKhachSan.csproj]
C:\Program Files\dotnet\sdk\9.0.312\Microsoft.Common.CurrentVersion.targets(5394,5): warning MSB3026: Could not copy "D:\Nam4_HK2\TTTN_thayTung\WebKhachSan\WebKhachSan\obj\Debug\net6.0\apphost.exe" to "bin\Debug\net6.0\WebKhachSan.exe". Beginning retry 4 in 1000ms. The process cannot access the file 'D:\Nam4_HK2\TTTN_thayTung\WebKhachSan\WebKhachSan\bin\Debug\net6.0\WebKhachSan.exe' because it is being used by another process. The file is locked by: "WebKhachSan (9336)" [D:\Nam4_HK2\TTTN_thayTung\WebKhachSan\WebKhachSan\WebKhachSan.csproj]
C:\Program Files\dotnet\sdk\9.0.312\Microsoft.Common.CurrentVersion.targets(5394,5): warning MSB3026: Could not copy "D:\Nam4_HK2\TTTN_thayTung\WebKhachSan\WebKhachSan\obj\Debug\net6.0\apphost.exe" to "bin\Debug\net6.0\WebKhachSan.exe". Beginning retry 5 in 1000ms. The process cannot access the file 'D:\Nam4_HK2\TTTN_thayTung\WebKhachSan\WebKhachSan\bin\Debug\net6.0\WebKhachSan.exe' because it is being used by another process. The file is locked by: "WebKhachSan (9336)" [D:\Nam4_HK2\TTTN_thayTung\WebKhachSan\WebKhachSan\WebKhachSan.csproj]
C:\Program Files\dotnet\sdk\9.0.312\Microsoft.Common.CurrentVersion.targets(5394,5): warning MSB3026: Could not copy "D:\Nam4_HK2\TTTN_thayTung\WebKhachSan\WebKhachSan\obj\Debug\net6.0\apphost.exe" to "bin\Debug\net6.0\WebKhachSan.exe". Beginning retry 6 in 1000ms. The process cannot access the file 'D:\Nam4_HK2\TTTN_thayTung\WebKhachSan\WebKhachSan\bin\Debug\net6.0\WebKhachSan.exe' because it is being used by another process. The file is locked by: "WebKhachSan (9336)" [D:\Nam4_HK2\TTTN_thayTung\WebKhachSan\WebKhachSan\WebKhachSan.csproj]
C:\Program Files\dotnet\sdk\9.0.312\Microsoft.Common.CurrentVersion.targets(5394,5): warning MSB3026: Could not copy "D:\Nam4_HK2\TTTN_thayTung\WebKhachSan\WebKhachSan\obj\Debug\net6.0\apphost.exe" to "bin\Debug\net6.0\WebKhachSan.exe". Beginning retry 7 in 1000ms. The process cannot access the file 'D:\Nam4_HK2\TTTN_thayTung\WebKhachSan\WebKhachSan\bin\Debug\net6.0\WebKhachSan.exe' because it is being used by another process. The file is locked by: "WebKhachSan (9336)" [D:\Nam4_HK2\TTTN_thayTung\WebKhachSan\WebKhachSan\WebKhachSan.csproj]
C:\Program Files\dotnet\sdk\9.0.312\Microsoft.Common.CurrentVersion.targets(5394,5): warning MSB3026: Could not copy "D:\Nam4_HK2\TTTN_thayTung\WebKhachSan\WebKhachSan\obj\Debug\net6.0\apphost.exe" to "bin\Debug\net6.0\WebKhachSan.exe". Beginning retry 8 in 1000ms. The process cannot access the file 'D:\Nam4_HK2\TTTN_thayTung\WebKhachSan\WebKhachSan\bin\Debug\net6.0\WebKhachSan.exe' because it is being used by another process. The file is locked by: "WebKhachSan (9336)" [D:\Nam4_HK2\TTTN_thayTung\WebKhachSan\WebKhachSan\WebKhachSan.csproj]
C:\Program Files\dotnet\sdk\9.0.312\Microsoft.Common.CurrentVersion.targets(5394,5): warning MSB3026: Could not copy "D:\Nam4_HK2\TTTN_thayTung\WebKhachSan\WebKhachSan\obj\Debug\net6.0\apphost.exe" to "bin\Debug\net6.0\WebKhachSan.exe". Beginning retry 9 in 1000ms. The process cannot access the file 'D:\Nam4_HK2\TTTN_thayTung\WebKhachSan\WebKhachSan\bin\Debug\net6.0\WebKhachSan.exe' because it is being used by another process. The file is locked by: "WebKhachSan (9336)" [D:\Nam4_HK2\TTTN_thayTung\WebKhachSan\WebKhachSan\WebKhachSan.csproj]
C:\Program Files\dotnet\sdk\9.0.312\Microsoft.Common.CurrentVersion.targets(5394,5): warning MSB3026: Could not copy "D:\Nam4_HK2\TTTN_thayTung\WebKhachSan\WebKhachSan\obj\Debug\net6.0\apphost.exe" to "bin\Debug\net6.0\WebKhachSan.exe". Beginning retry 10 in 1000ms. The process cannot access the file 'D:\Nam4_HK2\TTTN_thayTung\WebKhachSan\WebKhachSan\bin\Debug\net6.0\WebKhachSan.exe' because it is being used by another process. The file is locked by: "WebKhachSan (9336)" [D:\Nam4_HK2\TTTN_thayTung\WebKhachSan\WebKhachSan\WebKhachSan.csproj]
C:\Program Files\dotnet\sdk\9.0.312\Microsoft.Common.CurrentVersion.targets(5394,5): error MSB3027: Could not copy "D:\Nam4_HK2\TTTN_thayTung\WebKhachSan\WebKhachSan\obj\Debug\net6.0\apphost.exe" to "bin\Debug\net6.0\WebKhachSan.exe". Exceeded retry count of 10. Failed. The file is locked by: "WebKhachSan (9336)" [D:\Nam4_HK2\TTTN_thayTung\WebKhachSan\WebKhachSan\WebKhachSan.csproj]
C:\Program Files\dotnet\sdk\9.0.312\Microsoft.Common.CurrentVersion.targets(5394,5): error MSB3021: Unable to copy file "D:\Nam4_HK2\TTTN_thayTung\WebKhachSan\WebKhachSan\obj\Debug\net6.0\apphost.exe" to "bin\Debug\net6.0\WebKhachSan.exe". The process cannot access the file 'D:\Nam4_HK2\TTTN_thayTung\WebKhachSan\WebKhachSan\bin\Debug\net6.0\WebKhachSan.exe' because it is being used by another process. [D:\Nam4_HK2\TTTN_thayTung\WebKhachSan\WebKhachSan\WebKhachSan.csproj]
    12 Warning(s)
    2 Error(s)

Time Elapsed 00:00:12.16
